<html>
<body>
<pre>
<h1>µVision Build Log</h1>
<h2>Project:</h2>
C:\Users\Serar\Documents\School_Stuff\Final_Project\Waittrack\waittrack.uvproj
Project File Date:  03/11/2012

<h2>Output:</h2>
Build target 'Target 1'
compiling main.c...
main.c(43): error:  #148: variable "num_people" has already been initialized
main.c(554): warning:  #177-D: variable "old_value" was declared but never referenced
Target not created
Build target 'Target 1'
compiling main.c...
main.c(553): warning:  #177-D: variable "old_value" was declared but never referenced
linking...
Program Size: Code=8772 RO-data=424 RW-data=160 ZI-data=1136  
"waittrack.axf" - 0 Error(s), 1 Warning(s).
Load "C:\\Users\\Serar\\Documents\\School_Stuff\\Final_Project\\Waittrack\\waittrack.AXF" 
Build target 'Target 1'
compiling main.c...
main.c(553): warning:  #177-D: variable "old_value" was declared but never referenced
linking...
Program Size: Code=8780 RO-data=424 RW-data=160 ZI-data=1136  
"waittrack.axf" - 0 Error(s), 1 Warning(s).
Load "C:\\Users\\Serar\\Documents\\School_Stuff\\Final_Project\\Waittrack\\waittrack.AXF" 
Build target 'Target 1'
compiling main.c...
main.c(553): warning:  #177-D: variable "old_value" was declared but never referenced
linking...
Program Size: Code=8708 RO-data=424 RW-data=160 ZI-data=1136  
"waittrack.axf" - 0 Error(s), 1 Warning(s).
Load "C:\\Users\\Serar\\Documents\\School_Stuff\\Final_Project\\Waittrack\\waittrack.AXF" 
Build target 'Target 1'
compiling main.c...
main.c(553): warning:  #177-D: variable "old_value" was declared but never referenced
linking...
Program Size: Code=8728 RO-data=424 RW-data=160 ZI-data=1136  
"waittrack.axf" - 0 Error(s), 1 Warning(s).
Load "C:\\Users\\Serar\\Documents\\School_Stuff\\Final_Project\\Waittrack\\waittrack.AXF" 
Build target 'Target 1'
compiling main.c...
main.c(556): warning:  #177-D: variable "old_value" was declared but never referenced
linking...
Program Size: Code=8736 RO-data=424 RW-data=160 ZI-data=1136  
"waittrack.axf" - 0 Error(s), 1 Warning(s).
Load "C:\\Users\\Serar\\Documents\\School_Stuff\\Final_Project\\Waittrack\\waittrack.AXF" 
Build target 'Target 1'
compiling main.c...
main.c(403): warning:  #177-D: variable "ADC_Value" was declared but never referenced
main.c(584): warning:  #177-D: variable "old_value" was declared but never referenced
linking...
Program Size: Code=8984 RO-data=424 RW-data=176 ZI-data=1136  
"waittrack.axf" - 0 Error(s), 2 Warning(s).
Load "C:\\Users\\Serar\\Documents\\School_Stuff\\Final_Project\\Waittrack\\waittrack.AXF" 
Build target 'Target 1'
compiling main.c...
main.c(412): error:  #167: argument of type "int" is incompatible with parameter of type "char *"
main.c(423): error:  #167: argument of type "int" is incompatible with parameter of type "char *"
main.c(425): error:  #65: expected a ";"
main.c(403): warning:  #177-D: variable "ADC_Value" was declared but never referenced
main.c(586): warning:  #177-D: variable "old_value" was declared but never referenced
Target not created
Build target 'Target 1'
compiling main.c...
main.c(414): error:  #20: identifier "ADC_value" is undefined
main.c(429): error:  #65: expected a ";"
main.c(590): warning:  #177-D: variable "old_value" was declared but never referenced
Target not created
Build target 'Target 1'
compiling main.c...
main.c(414): error:  #20: identifier "ADC_value" is undefined
main.c(590): warning:  #177-D: variable "old_value" was declared but never referenced
Target not created
Build target 'Target 1'
compiling main.c...
main.c(590): warning:  #177-D: variable "old_value" was declared but never referenced
linking...
Program Size: Code=9020 RO-data=424 RW-data=176 ZI-data=1136  
"waittrack.axf" - 0 Error(s), 1 Warning(s).
Load "C:\\Users\\Serar\\Documents\\School_Stuff\\Final_Project\\Waittrack\\waittrack.AXF" 
Build target 'Target 1'
compiling main.c...
main.c(590): warning:  #177-D: variable "old_value" was declared but never referenced
linking...
Program Size: Code=8912 RO-data=424 RW-data=176 ZI-data=1136  
"waittrack.axf" - 0 Error(s), 1 Warning(s).
Load "C:\\Users\\Serar\\Documents\\School_Stuff\\Final_Project\\Waittrack\\waittrack.AXF" 
Build target 'Target 1'
compiling main.c...
main.c(590): warning:  #177-D: variable "old_value" was declared but never referenced
linking...
Program Size: Code=8892 RO-data=424 RW-data=176 ZI-data=1136  
"waittrack.axf" - 0 Error(s), 1 Warning(s).
Load "C:\\Users\\Serar\\Documents\\School_Stuff\\Final_Project\\Waittrack\\waittrack.AXF" 
