<html>
<body>
<pre>
<h1>µVision Build Log</h1>
<h2>Project:</h2>
C:\Users\Ryan\Waittrack\Waittrack\waittrack.uvproj
Project File Date:  02/07/2012

<h2>Output:</h2>
Build target 'Target 1'
compiling main.c...
main.c(376): error:  #268: declaration may not appear after executable statement in block
main.c(376): error:  #20: identifier "start" is undefined
main.c(376): error:  #65: expected a ";"
main.c(379): error:  #20: identifier "IR1_value" is undefined
main.c(385): error:  #268: declaration may not appear after executable statement in block
main.c(385): error:  #20: identifier "start" is undefined
main.c(385): error:  #101: "conversion" has already been declared in the current scope
main.c(385): error:  #65: expected a ";"
main.c(388): error:  #20: identifier "IR2_value" is undefined
main.c(338): warning:  #177-D: variable "old_value" was declared but never referenced
Target not created
Build target 'Target 1'
compiling main.c...
main.c(379): error:  #20: identifier "IR1_value" is undefined
main.c(388): error:  #20: identifier "IR2_value" is undefined
main.c(338): warning:  #177-D: variable "old_value" was declared but never referenced
Target not created
Build target 'Target 1'
compiling main.c...
main.c(338): warning:  #177-D: variable "old_value" was declared but never referenced
linking...
Program Size: Code=7864 RO-data=424 RW-data=84 ZI-data=1092  
"waittrack.axf" - 0 Error(s), 1 Warning(s).
Load "C:\\Users\\Ryan\\Waittrack\\Waittrack\\waittrack.AXF" 
Build target 'Target 1'
compiling main.c...
main.c(338): warning:  #177-D: variable "old_value" was declared but never referenced
linking...
Program Size: Code=7872 RO-data=424 RW-data=84 ZI-data=1092  
"waittrack.axf" - 0 Error(s), 1 Warning(s).
Load "C:\\Users\\Ryan\\Waittrack\\Waittrack\\waittrack.AXF" 
Build target 'Target 1'
compiling main.c...
main.c(335): warning:  #177-D: variable "ADC_Value" was declared but never referenced
main.c(338): warning:  #177-D: variable "old_value" was declared but never referenced
linking...
Program Size: Code=7496 RO-data=424 RW-data=84 ZI-data=1092  
"waittrack.axf" - 0 Error(s), 2 Warning(s).
Load "C:\\Users\\Ryan\\Waittrack\\Waittrack\\waittrack.AXF" 
Build target 'Target 1'
compiling main.c...
main.c(335): warning:  #177-D: variable "ADC_Value" was declared but never referenced
main.c(338): warning:  #177-D: variable "old_value" was declared but never referenced
linking...
Program Size: Code=7496 RO-data=424 RW-data=84 ZI-data=1092  
"waittrack.axf" - 0 Error(s), 2 Warning(s).
Load "C:\\Users\\Ryan\\Waittrack\\Waittrack\\waittrack.AXF" 
Build target 'Target 1'
compiling main.c...
main.c(402): error:  #167: argument of type "int" is incompatible with parameter of type "char *"
main.c(419): error:  #167: argument of type "int" is incompatible with parameter of type "char *"
main.c(436): error:  #167: argument of type "int" is incompatible with parameter of type "char *"
main.c(446): error:  #167: argument of type "int" is incompatible with parameter of type "char *"
main.c(335): warning:  #177-D: variable "ADC_Value" was declared but never referenced
main.c(338): warning:  #177-D: variable "old_value" was declared but never referenced
Target not created
Build target 'Target 1'
compiling main.c...
main.c(338): warning:  #177-D: variable "old_value" was declared but never referenced
linking...
Program Size: Code=7932 RO-data=424 RW-data=84 ZI-data=1092  
"waittrack.axf" - 0 Error(s), 1 Warning(s).
Load "C:\\Users\\Ryan\\Waittrack\\Waittrack\\waittrack.AXF" 
Build target 'Target 1'
compiling main.c...
main.c(340): warning:  #177-D: variable "old_value" was declared but never referenced
linking...
Program Size: Code=8012 RO-data=424 RW-data=92 ZI-data=1092  
"waittrack.axf" - 0 Error(s), 1 Warning(s).
Load "C:\\Users\\Ryan\\Waittrack\\Waittrack\\waittrack.AXF" 
Build target 'Target 1'
compiling main.c...
main.c(340): warning:  #177-D: variable "old_value" was declared but never referenced
linking...
Program Size: Code=8008 RO-data=424 RW-data=92 ZI-data=1092  
"waittrack.axf" - 0 Error(s), 1 Warning(s).
Load "C:\\Users\\Ryan\\Waittrack\\Waittrack\\waittrack.AXF" 
Build target 'Target 1'
compiling main.c...
main.c(340): warning:  #177-D: variable "old_value" was declared but never referenced
linking...
Program Size: Code=8008 RO-data=424 RW-data=92 ZI-data=1092  
"waittrack.axf" - 0 Error(s), 1 Warning(s).
Load "C:\\Users\\Ryan\\Waittrack\\Waittrack\\waittrack.AXF" 
Build target 'Target 1'
compiling main.c...
main.c(340): warning:  #177-D: variable "old_value" was declared but never referenced
linking...
Program Size: Code=8008 RO-data=424 RW-data=92 ZI-data=1092  
"waittrack.axf" - 0 Error(s), 1 Warning(s).
Load "C:\\Users\\Ryan\\Waittrack\\Waittrack\\waittrack.AXF" 
Build target 'Target 1'
compiling main.c...
main.c(340): warning:  #177-D: variable "old_value" was declared but never referenced
linking...
Program Size: Code=8072 RO-data=424 RW-data=92 ZI-data=1092  
"waittrack.axf" - 0 Error(s), 1 Warning(s).
Load "C:\\Users\\Ryan\\Waittrack\\Waittrack\\waittrack.AXF" 
Build target 'Target 1'
assembling startup_stm32f4xx.s...
compiling stm32f4xx_it.c...
compiling system_stm32f4xx.c...
compiling RETARGET.c...
compiling main.c...
main.c(340): warning:  #177-D: variable "old_value" was declared but never referenced
compiling stm32f4_discovery.c...
compiling stm32f4xx_adc.c...
compiling misc.c...
compiling stm32f4xx_exti.c...
compiling stm32f4xx_gpio.c...
compiling stm32f4xx_rcc.c...
compiling stm32f4xx_syscfg.c...
Project build/rebuild aborted.
Target not created
Build target 'Target 1'
assembling startup_stm32f4xx.s...
compiling stm32f4xx_it.c...
Project build/rebuild aborted.
Target not created
Build target 'Target 1'
assembling startup_stm32f4xx.s...
compiling stm32f4xx_it.c...
compiling system_stm32f4xx.c...
compiling RETARGET.c...
compiling main.c...
main.c(340): warning:  #177-D: variable "old_value" was declared but never referenced
compiling stm32f4_discovery.c...
compiling stm32f4xx_adc.c...
compiling misc.c...
compiling stm32f4xx_exti.c...
compiling stm32f4xx_gpio.c...
compiling stm32f4xx_rcc.c...
compiling stm32f4xx_syscfg.c...
compiling stm32f4xx_usart.c...
linking...
Program Size: Code=7972 RO-data=424 RW-data=92 ZI-data=1092  
"waittrack.axf" - 0 Error(s), 1 Warning(s).
Load "C:\\Users\\Ryan\\Waittrack\\Waittrack\\waittrack.AXF" 
Build target 'Target 1'
assembling startup_stm32f4xx.s...
compiling stm32f4xx_it.c...
compiling system_stm32f4xx.c...
compiling RETARGET.c...
compiling main.c...
main.c(340): warning:  #177-D: variable "old_value" was declared but never referenced
compiling stm32f4_discovery.c...
compiling stm32f4xx_adc.c...
compiling misc.c...
compiling stm32f4xx_exti.c...
compiling stm32f4xx_gpio.c...
compiling stm32f4xx_rcc.c...
compiling stm32f4xx_syscfg.c...
compiling stm32f4xx_usart.c...
linking...
Program Size: Code=7972 RO-data=424 RW-data=92 ZI-data=1092  
"waittrack.axf" - 0 Error(s), 1 Warning(s).
Load "C:\\Users\\Ryan\\Waittrack\\Waittrack\\waittrack.AXF" 
Build target 'Target 1'
assembling startup_stm32f4xx.s...
compiling stm32f4xx_it.c...
Project build/rebuild aborted.
Target not created
Build target 'Target 1'
assembling startup_stm32f4xx.s...
compiling stm32f4xx_it.c...
compiling system_stm32f4xx.c...
compiling RETARGET.c...
compiling main.c...
main.c(340): warning:  #177-D: variable "old_value" was declared but never referenced
compiling stm32f4_discovery.c...
compiling stm32f4xx_adc.c...
compiling misc.c...
compiling stm32f4xx_exti.c...
compiling stm32f4xx_gpio.c...
compiling stm32f4xx_rcc.c...
compiling stm32f4xx_syscfg.c...
compiling stm32f4xx_usart.c...
linking...
Program Size: Code=7972 RO-data=424 RW-data=92 ZI-data=1092  
"waittrack.axf" - 0 Error(s), 1 Warning(s).
Load "C:\\Users\\Ryan\\Waittrack\\Waittrack\\waittrack.AXF" 
Build target 'Target 1'
compiling main.c...
main.c(340): warning:  #177-D: variable "old_value" was declared but never referenced
linking...
Program Size: Code=7968 RO-data=424 RW-data=92 ZI-data=1092  
"waittrack.axf" - 0 Error(s), 1 Warning(s).
Load "C:\\Users\\Ryan\\Waittrack\\Waittrack\\waittrack.AXF" 
Build target 'Target 1'
compiling main.c...
main.c(340): warning:  #177-D: variable "old_value" was declared but never referenced
linking...
Program Size: Code=7988 RO-data=424 RW-data=92 ZI-data=1092  
"waittrack.axf" - 0 Error(s), 1 Warning(s).
Load "C:\\Users\\Ryan\\Waittrack\\Waittrack\\waittrack.AXF" 
Build target 'Target 1'
compiling main.c...
main.c(340): warning:  #177-D: variable "old_value" was declared but never referenced
linking...
Program Size: Code=8008 RO-data=424 RW-data=92 ZI-data=1092  
"waittrack.axf" - 0 Error(s), 1 Warning(s).
Load "C:\\Users\\Ryan\\Waittrack\\Waittrack\\waittrack.AXF" 
Build target 'Target 1'
compiling main.c...
main.c(340): warning:  #177-D: variable "old_value" was declared but never referenced
linking...
Program Size: Code=8024 RO-data=424 RW-data=92 ZI-data=1092  
"waittrack.axf" - 0 Error(s), 1 Warning(s).
Load "C:\\Users\\Ryan\\Waittrack\\Waittrack\\waittrack.AXF" 
Build target 'Target 1'
compiling main.c...
main.c(340): warning:  #177-D: variable "old_value" was declared but never referenced
linking...
Program Size: Code=8008 RO-data=424 RW-data=92 ZI-data=1092  
"waittrack.axf" - 0 Error(s), 1 Warning(s).
Load "C:\\Users\\Ryan\\Waittrack\\Waittrack\\waittrack.AXF" 
Build target 'Target 1'
compiling main.c...
main.c(340): warning:  #177-D: variable "old_value" was declared but never referenced
linking...
Program Size: Code=8008 RO-data=424 RW-data=92 ZI-data=1092  
"waittrack.axf" - 0 Error(s), 1 Warning(s).
Load "C:\\Users\\Ryan\\Waittrack\\Waittrack\\waittrack.AXF" 
Build target 'Target 1'
compiling main.c...
main.c(340): warning:  #177-D: variable "old_value" was declared but never referenced
linking...
Program Size: Code=8008 RO-data=424 RW-data=92 ZI-data=1092  
"waittrack.axf" - 0 Error(s), 1 Warning(s).
Load "C:\\Users\\Ryan\\Waittrack\\Waittrack\\waittrack.AXF" 
Build target 'Target 1'
compiling main.c...
main.c(340): warning:  #177-D: variable "old_value" was declared but never referenced
linking...
Program Size: Code=8004 RO-data=424 RW-data=92 ZI-data=1092  
"waittrack.axf" - 0 Error(s), 1 Warning(s).
Load "C:\\Users\\Ryan\\Waittrack\\Waittrack\\waittrack.AXF" 
Build target 'Target 1'
compiling main.c...
main.c(340): warning:  #177-D: variable "old_value" was declared but never referenced
linking...
Program Size: Code=8036 RO-data=424 RW-data=92 ZI-data=1092  
"waittrack.axf" - 0 Error(s), 1 Warning(s).
Load "C:\\Users\\Ryan\\Waittrack\\Waittrack\\waittrack.AXF" 
Build target 'Target 1'
compiling main.c...
main.c(340): warning:  #177-D: variable "old_value" was declared but never referenced
linking...
Program Size: Code=8000 RO-data=424 RW-data=92 ZI-data=1092  
"waittrack.axf" - 0 Error(s), 1 Warning(s).
Load "C:\\Users\\Ryan\\Waittrack\\Waittrack\\waittrack.AXF" 
Build target 'Target 1'
compiling main.c...
main.c(340): warning:  #177-D: variable "old_value" was declared but never referenced
linking...
Program Size: Code=8000 RO-data=424 RW-data=92 ZI-data=1092  
"waittrack.axf" - 0 Error(s), 1 Warning(s).
Load "C:\\Users\\Ryan\\Waittrack\\Waittrack\\waittrack.AXF" 
